root@server-srekbm:/var/www/drewno-ops# pkill -f "node dist/index.cjs"

[Process] Received SIGTERM, shutting down gracefully...
[Process] HTTP server closed
root@server-srekbm:/var/www/drewno-ops# cd /var/www/drewno-ops
root@server-srekbm:/var/www/drewno-ops# git pull origin main
[1]+  Done                    TRAVELLINE_CLIENT_ID="api_connection_591d3_f8821b2920" TRAVELLINE_CLIENT_SECRET="poRxwSFItcKBYd56bc8cZ6SsxTNX8fg3" TRAVELLINE_PROPERTY_ID="39140"DATABASE_URL="postgresql://drewno:39903990aSs\$@localhost:5432/drewno" NODE_ENV="production" node dist/index.cjs
From https://github.com/Alexseibr/Drewnobot
 * branch            main       -> FETCH_HEAD
Already up to date.
root@server-srekbm:/var/www/drewno-ops# npm run build

> rest-express@1.0.0 build
> tsx script/build.ts

building client...
vite v7.3.0 building client environment for production...
transforming (1) src/main.tsx
A PostCSS plugin did not pass the `from` option to `postcss.parse`. This may cause imported assets to be incorrectly transformed. If you've recently added a PostCSS plugin that raised this warning, please contact the package author to fix the issue.
✓ 3218 modules transformed.
../dist/public/index.html                            1.07 kB │ gzip:   0.60 kB
../dist/public/assets/drewno-logo-Bw8WbCk8.webp    328.56 kB
../dist/public/assets/index-B9-RVpwy.css            82.66 kB │ gzip:  13.58 kB
../dist/public/assets/index-B-XaFFTn.js          1,293.58 kB │ gzip: 346.22 kB

(!) Some chunks are larger than 500 kB after minification. Consider:
- Using dynamic import() to code-split the application
- Use build.rollupOptions.output.manualChunks to improve chunking: https://rollupjs.org/configuration-options/#output-manualchunks
- Adjust chunk size limit for this warning via build.chunkSizeWarningLimit.
✓ built in 20.95s
building server...

  dist/index.cjs  1.3mb ⚠️

⚡ Done in 672ms
root@server-srekbm:/var/www/drewno-ops#
root@server-srekbm:/var/www/drewno-ops# TRAVELLINE_CLIENT_ID="api_connection_591d3_f8821b2920" \
> TRAVELLINE_CLIENT_SECRET="poRxwSFItcKBYd56bc8cZ6SsxTNX8fg3" \
> TRAVELLINE_PROPERTY_ID="39140" \
> DATABASE_URL="postgresql://drewno:39903990aSs\$@localhost:5432/drewno" \
> NODE_ENV="production" \
> node dist/index.cjs &
[1] 552047
root@server-srekbm:/var/www/drewno-ops#
root@server-srekbm:/var/www/drewno-ops# sleep 5
12:47:41 PM [express] serving on port 5000
[Telegram Bot] Setting up webhook for production: https://d.drewno.by
[Telegram Bot] Webhook set successfully
[Telegram Bot] Notifications scheduled
12:47:42 PM [scheduler] Scheduler initialized:
12:47:42 PM [scheduler]   - Daily tasks: 06:00 daily
12:47:42 PM [scheduler]   - Weekly tasks: 06:00 Monday
12:47:42 PM [scheduler]   - Monthly tasks: 06:00 1st of month
12:47:42 PM [scheduler]   - Weather check: 18:00 daily
12:47:42 PM [scheduler]   - Scheduled task notifications: every minute
12:47:42 PM [scheduler]   - Nightly chat cleanup: 03:00 daily
12:47:42 PM [scheduler]   - Notifications:
12:47:42 PM [scheduler]     - Bath summary: 09:00 daily
12:47:42 PM [scheduler]     - TravelLine check-ins: 09:00 daily
12:47:42 PM [scheduler]     - Climate ON: 12:00 daily
12:47:42 PM [scheduler]     - Climate OFF: 14:00 daily
12:47:42 PM [scheduler]     - Laundry check-in: 15:00 daily
12:47:42 PM [scheduler]   - Thermostat:
12:47:42 PM [scheduler]     - Prompt: 12:00 daily
12:47:42 PM [scheduler]     - Base temps: 12:05 daily
12:47:42 PM [scheduler]     - Heating: 14:30 daily
12:47:42 PM [scheduler] [ThermostatScheduler] Houses initialized
root@server-srekbm:/var/www/drewno-ops# curl http://localhost:5000/api/test/travelline-sync
[TravelLine] Manual sync trigger via test endpoint
[TravelLine] Requesting new token for client: api_connection_591d3...
[TravelLine] Token obtained successfully
[TravelLine] API error: 404 -
[TravelLine] Synced 0 bookings
[Telegram Bot] Sending check-in notifications...
[Telegram Bot] No check-ins for today
{"success":true,"message":"TravelLine синхронизация выполнена","configured":true,"syncedBookings":0}root@server-srekbm:/var/www/drewno-ops# 12:48:00 PM [express] GET /api/test/travelline-sync 200 in 336ms :: {"success":true,"message":"TravelLine синхронизация выполнена","configured":true,"syncedBookings":0}

root@server-srekbm:/var/www/drewno-ops#
root@server-srekbm:/var/www/drewno-ops#