root@server-srekbm:/var/www/drewno-ops# cd /var/www/drewno-ops && git stash && git pull&& git stash pop
No local changes to save
Already up to date.
No stash entries found.
root@server-srekbm:/var/www/drewno-ops# cp dist/public/assets/drewno-logo-*.webp attached_assets/drewno-logo.webp
cp: cannot stat 'dist/public/assets/drewno-logo-*.webp': No such file or directory
root@server-srekbm:/var/www/drewno-ops# npm run build

> rest-express@1.0.0 build
> tsx script/build.ts

building client...
vite v7.3.0 building client environment for production...
transforming (1) src/main.tsx
A PostCSS plugin did not pass the `from` option to `postcss.parse`. This may cause imported assets to be incorrectly transformed. If you've recently added a PostCSS plugin that raised this warning, please contact the package author to fix the issue.
✓ 1091 modules transformed.
✗ Build failed in 8.04s
[vite:asset] Could not load /var/www/drewno-ops/attached_assets/drewno-logo.webp (imported by client/src/pages/landing.tsx): ENOENT: no such file or directory, open '/var/www/drewno-ops/attached_assets/drewno-logo.webp'
    at async open (node:internal/fs/promises:639:25)
    at async Object.readFile (node:internal/fs/promises:1246:14)
    at async fileToBuiltUrl (/var/www/drewno-ops/node_modules/vite/dist/node/chunks/config.js:8777:18)
    at async Object.handler (/var/www/drewno-ops/node_modules/vite/dist/node/chunks/config.js:8671:17)
    at async PluginDriver.hookFirstAndGetPlugin (/var/www/drewno-ops/node_modules/rollup/dist/es/shared/node-entry.js:22376:28)
    at async <anonymous> (/var/www/drewno-ops/node_modules/rollup/dist/es/shared/node-entry.js:21376:33)
    at async Queue.work (/var/www/drewno-ops/node_modules/rollup/dist/es/shared/node-entry.js:22604:32) {
  errno: -2,
  code: 'PLUGIN_ERROR',
  syscall: 'open',
  path: '/var/www/drewno-ops/attached_assets/drewno-logo.webp',
  pluginCode: 'ENOENT',
  plugin: 'vite:asset',
  hook: 'load',
  watchFiles: [
    '/var/www/drewno-ops/client/index.html',
    '/var/www/drewno-ops/client/src/main.tsx',
    '/var/www/drewno-ops/package.json',
    '/var/www/drewno-ops/node_modules/react/jsx-runtime.js',
    '/var/www/drewno-ops/node_modules/react-dom/client.js',    '/var/www/drewno-ops/client/src/App.tsx',
    '/var/www/drewno-ops/client/src/index.css',
    '/var/www/drewno-ops/client/src/hooks/use-toast.ts',    '/var/www/drewno-ops/client/src/lib/queryClient.ts',
    '/var/www/drewno-ops/client/src/lib/utils.ts',
    '/var/www/drewno-ops/client/src/components/layout/bottom-nav.tsx',
    '/var/www/drewno-ops/client/src/components/layout/header.tsx',
    '/var/www/drewno-ops/client/src/components/layout/page-container.tsx',
    '/var/www/drewno-ops/client/src/components/ui/accordion.tsx',
    '/var/www/drewno-ops/client/src/components/ui/alert-dialog.tsx',
    '/var/www/drewno-ops/client/src/components/ui/alert.tsx',
    '/var/www/drewno-ops/client/src/components/ui/aspect-ratio.tsx',
    '/var/www/drewno-ops/client/src/components/ui/avatar.tsx',
    '/var/www/drewno-ops/client/src/components/ui/badge.tsx',
    '/var/www/drewno-ops/client/src/components/ui/breadcrumb.tsx',
    '/var/www/drewno-ops/client/src/components/ui/button.tsx',
    '/var/www/drewno-ops/client/src/components/ui/calendar.tsx',
    '/var/www/drewno-ops/client/src/components/ui/card.tsx',
    '/var/www/drewno-ops/client/src/components/ui/carousel.tsx',
    '/var/www/drewno-ops/client/src/components/ui/chart.tsx',
    '/var/www/drewno-ops/client/src/components/ui/checkbox.tsx',
    '/var/www/drewno-ops/client/src/components/ui/collapsible.tsx',
    '/var/www/drewno-ops/client/src/components/ui/command.tsx',
    '/var/www/drewno-ops/client/src/components/ui/context-menu.tsx',
    '/var/www/drewno-ops/client/src/components/ui/dialog.tsx',
    '/var/www/drewno-ops/client/src/components/ui/drawer.tsx',
    '/var/www/drewno-ops/client/src/components/ui/dropdown-menu.tsx',
    '/var/www/drewno-ops/client/src/components/ui/empty-state.tsx',
    '/var/www/drewno-ops/client/src/components/ui/form.tsx',
    '/var/www/drewno-ops/client/src/components/ui/hover-card.tsx',
    '/var/www/drewno-ops/client/src/components/ui/input-otp.tsx',
    '/var/www/drewno-ops/client/src/components/ui/input.tsx',
    '/var/www/drewno-ops/client/src/components/ui/label.tsx',
    '/var/www/drewno-ops/client/src/components/ui/loading-skeleton.tsx',
    '/var/www/drewno-ops/client/src/components/ui/menubar.tsx',
    '/var/www/drewno-ops/client/src/components/ui/navigation-menu.tsx',
    '/var/www/drewno-ops/client/src/components/ui/pagination.tsx',
    '/var/www/drewno-ops/client/src/components/ui/popover.tsx',
    '/var/www/drewno-ops/client/src/components/ui/progress.tsx',
    '/var/www/drewno-ops/client/src/components/ui/radio-group.tsx',
    '/var/www/drewno-ops/client/src/components/ui/resizable.tsx',
    '/var/www/drewno-ops/client/src/components/ui/scroll-area.tsx',
    '/var/www/drewno-ops/client/src/components/ui/select.tsx',
    '/var/www/drewno-ops/client/src/components/ui/separator.tsx',
    '/var/www/drewno-ops/client/src/components/ui/sheet.tsx',
    '/var/www/drewno-ops/client/src/components/ui/sidebar.tsx',
    '/var/www/drewno-ops/client/src/components/ui/skeleton.tsx',
    '/var/www/drewno-ops/client/src/components/ui/slider.tsx',
    '/var/www/drewno-ops/client/src/components/ui/status-badge.tsx',
    '/var/www/drewno-ops/client/src/components/ui/switch.tsx',
    '/var/www/drewno-ops/client/src/components/ui/table.tsx',
    '/var/www/drewno-ops/client/src/components/ui/tabs.tsx',
    '/var/www/drewno-ops/client/src/components/ui/textarea.tsx',
    '/var/www/drewno-ops/client/src/components/ui/toast.tsx',
    '/var/www/drewno-ops/client/src/components/ui/toaster.tsx',
    '/var/www/drewno-ops/client/src/components/ui/toggle-group.tsx',
    '/var/www/drewno-ops/client/src/components/ui/toggle.tsx',
    '/var/www/drewno-ops/client/src/components/ui/tooltip.tsx',
    '/var/www/drewno-ops/client/src/hooks/use-mobile.tsx',
    '/var/www/drewno-ops/client/src/lib/auth-context.tsx',
    '/var/www/drewno-ops/client/src/lib/theme-provider.tsx',
    '/var/www/drewno-ops/client/src/pages/admin/staff.tsx',
    '/var/www/drewno-ops/client/src/pages/claim-role.tsx',
    '/var/www/drewno-ops/client/src/pages/guest/bath-booking.tsx',
    '/var/www/drewno-ops/client/src/pages/guest/quad-booking.tsx',
    '/var/www/drewno-ops/client/src/pages/guest/spa-booking.tsx',
    '/var/www/drewno-ops/client/src/pages/instructor/finances.tsx',
    '/var/www/drewno-ops/client/src/pages/instructor/maintenance.tsx',
    '/var/www/drewno-ops/client/src/pages/instructor/manage.tsx',
    '/var/www/drewno-ops/client/src/pages/instructor/pricing.tsx',
    '/var/www/drewno-ops/client/src/pages/instructor/schedule.tsx',
    '/var/www/drewno-ops/client/src/pages/landing.tsx',
    '/var/www/drewno-ops/client/src/pages/not-found.tsx',
    '/var/www/drewno-ops/client/src/pages/ops/bookings.tsx',
    '/var/www/drewno-ops/client/src/pages/ops/cash.tsx',
    '/var/www/drewno-ops/client/src/pages/ops/dashboard.tsx',
    '/var/www/drewno-ops/client/src/pages/ops/guests.tsx',
    '/var/www/drewno-ops/client/src/pages/ops/incidents.tsx',
    '/var/www/drewno-ops/client/src/pages/ops/laundry.tsx',
    '/var/www/drewno-ops/client/src/pages/ops/new-booking.tsx',
    '/var/www/drewno-ops/client/src/pages/ops/supplies.tsx',
    '/var/www/drewno-ops/client/src/pages/ops/tasks.tsx',
    '/var/www/drewno-ops/client/src/pages/ops/worklogs.tsx',
    '/var/www/drewno-ops/client/src/pages/owner/analytics.tsx',
    '/var/www/drewno-ops/client/src/pages/owner/cash.tsx',
    '/var/www/drewno-ops/client/src/pages/owner/completed-tasks.tsx',
    '/var/www/drewno-ops/client/src/pages/owner/notifications.tsx',
    '/var/www/drewno-ops/client/src/pages/owner/settings.tsx',
    '/var/www/drewno-ops/client/src/pages/owner/shifts.tsx',
    '/var/www/drewno-ops/client/src/pages/owner/staff.tsx',
    '/var/www/drewno-ops/client/src/pages/owner/textile-audit.tsx',
    '/var/www/drewno-ops/client/src/pages/owner/thermostats.tsx',
    '/var/www/drewno-ops/client/src/pages/owner/unit-info.tsx',
    '/var/www/drewno-ops/client/src/pages/owner/utilities.tsx',
    '/var/www/drewno-ops/tailwind.config.ts',
    ... 1023 more items
  ]
}
root@server-srekbm:/var/www/drewno-ops# pkill -f "node dist" && pm2 start ecosystem.config.cjs
root@server-srekbm:/var/www/drewno-ops# cd /var/www/drewno-ops && git stash && git pull&& git stash pop
cp dist/public/assets/drewno-logo-*.webp attached_assets/drewno-logo.webp
npm run build
pkill -f "node dist" && pm2 start ecosystem.config.cjs
No local changes to save
remote: Enumerating objects: 17, done.
remote: Counting objects: 100% (17/17), done.
remote: Compressing objects: 100% (4/4), done.
remote: Total 10 (delta 6), reused 10 (delta 6), pack-reused 0 (from 0)
Unpacking objects: 100% (10/10), 327.59 KiB | 3.06 MiB/s, done.
From https://github.com/Alexseibr/Drewnobot
   5576f97..d892385  main       -> origin/main
Updating 5576f97..d892385
Fast-forward
 ...r-www-drewno-ops-cd-var-www-drewno_1769768270253.txt | 569 ++++++++++++++++++++++++
 attached_assets/drewno-logo.webp                        | Bin 0 -> 328562 bytes
 client/src/components/layout/header.tsx                 |   2 +-
 3 files changed, 570 insertions(+), 1 deletion(-)
 create mode 100644 attached_assets/Pasted-root-server-srekbm-var-www-drewno-ops-cd-var-www-drewno_1769768270253.txt
 create mode 100644 attached_assets/drewno-logo.webp
No stash entries found.
cp: cannot stat 'dist/public/assets/drewno-logo-*.webp': No such file or directory

> rest-express@1.0.0 build
> tsx script/build.ts

building client...
vite v7.3.0 building client environment for production...
transforming (5) ../node_modules/wouter/esm/index.js
A PostCSS plugin did not pass the `from` option to `postcss.parse`. This may cause imported assets to be incorrectly transformed. If you've recently added a PostCSS plugin that raised this warning, please contact the package author to fix the issue.
✓ 3217 modules transformed.
../dist/public/index.html                            1.07 kB │ gzip:   0.60 kB
../dist/public/assets/drewno-logo-Bw8WbCk8.webp    328.56 kB
../dist/public/assets/index-B9-RVpwy.css            82.66 kB │ gzip:  13.58 kB
../dist/public/assets/index-Bed7l7tQ.js          1,293.38 kB │ gzip: 345.85 kB

(!) Some chunks are larger than 500 kB after minification. Consider:
- Using dynamic import() to code-split the application
- Use build.rollupOptions.output.manualChunks to improve chunking: https://rollupjs.org/configuration-options/#output-manualchunks
- Adjust chunk size limit for this warning via build.chunkSizeWarningLimit.
✓ built in 18.70s
building server...

  dist/index.cjs  1.3mb ⚠️

⚡ Done in 397ms
root@server-srekbm:/var/www/drewno-ops# pm2 logs drewno-ops --lines 50
[TAILING] Tailing last 50 lines for [drewno-ops] process (change the value with --linesoption)
^C
root@server-srekbm:/var/www/drewno-ops# ^C
root@server-srekbm:/var/www/drewno-ops# pm2 restart drewno-ops && sleep 3 && pm2 logs drewno-ops --lines 30
Use --update-env to update environment variables
[PM2][ERROR] Process or Namespace drewno-ops not found
root@server-srekbm:/var/www/drewno-ops#